MPLINK 5.09, LINKER
Linker Map File - Created Tue Dec 30 21:17:02 2025

                                 Section Info
                  Section       Type    Address   Location Size(Bytes)
                ---------  ---------  ---------  ---------  ---------
                   .org_0       code   0x000000    program   0x000002
                   .cinit    romdata   0x000001    program   0x000004
                   .org_1       code   0x000004    program   0x000002
                   .org_2       code   0x000100    program   0x000428
.config_2007_BUILD/DEFAULT/PRODUCTION/BOARD1C       code   0x002007    program   0x000002



                              Program Memory Usage 
                               Start         End      
                           ---------   ---------      
                            0x000000    0x000002      
                            0x000004    0x000004      
                            0x000100    0x000313      
                            0x002007    0x002007      
            537 out of 8454 program addresses used, program memory utilization is 6%



                              Symbols - Sorted by Name
                     Name    Address   Location    Storage File                     
                ---------  ---------  ---------  --------- ---------                
          ACTIVATE_COOLER   0x0001c6    program     static C:\Users\Admin\Desktop\Board1.X\Board1Code.asm
          ACTIVATE_HEATER   0x0001c2    program     static C:\Users\Admin\Desktop\Board1.X\Board1Code.asm
             ACTIVATE_OFF   0x0001cb    program     static C:\Users\Admin\Desktop\Board1.X\Board1Code.asm
               BIN_TO_BCD   0x0002e7    program     static C:\Users\Admin\Desktop\Board1.X\Board1Code.asm
           CHECK_DOT_EDIT   0x000232    program     static C:\Users\Admin\Desktop\Board1.X\Board1Code.asm
                CHECK_FAN   0x0001bb    program     static C:\Users\Admin\Desktop\Board1.X\Board1Code.asm
               CHECK_HUND   0x0002ec    program     static C:\Users\Admin\Desktop\Board1.X\Board1Code.asm
           CHECK_SET_CMDS   0x0002b5    program     static C:\Users\Admin\Desktop\Board1.X\Board1Code.asm
                CHECK_TEN   0x0002f3    program     static C:\Users\Admin\Desktop\Board1.X\Board1Code.asm
                    DD_L1   0x0002fc    program     static C:\Users\Admin\Desktop\Board1.X\Board1Code.asm
                    DD_L2   0x0002fe    program     static C:\Users\Admin\Desktop\Board1.X\Board1Code.asm
           DELAY_DEBOUNCE   0x0002fa    program     static C:\Users\Admin\Desktop\Board1.X\Board1Code.asm
           DELAY_LONG_MSG   0x000303    program     static C:\Users\Admin\Desktop\Board1.X\Board1Code.asm
              DELAY_SMALL   0x00030f    program     static C:\Users\Admin\Desktop\Board1.X\Board1Code.asm
            DELAY_STARTUP   0x000309    program     static C:\Users\Admin\Desktop\Board1.X\Board1Code.asm
                    DM_L3   0x000305    program     static C:\Users\Admin\Desktop\Board1.X\Board1Code.asm
                    DS_L0   0x00030b    program     static C:\Users\Admin\Desktop\Board1.X\Board1Code.asm
                  DS_LOOP   0x000311    program     static C:\Users\Admin\Desktop\Board1.X\Board1Code.asm
          ENTER_EDIT_MODE   0x000153    program     static C:\Users\Admin\Desktop\Board1.X\Board1Code.asm
                EXIT_EDIT   0x00019a    program     static C:\Users\Admin\Desktop\Board1.X\Board1Code.asm
                 EXIT_ISR   0x00024c    program     static C:\Users\Admin\Desktop\Board1.X\Board1Code.asm
             GET_SEG_CODE   0x000100    program     static C:\Users\Admin\Desktop\Board1.X\Board1Code.asm
            GET_VALID_KEY   0x000253    program     static C:\Users\Admin\Desktop\Board1.X\Board1Code.asm
                  GK_LOOP   0x000257    program     static C:\Users\Admin\Desktop\Board1.X\Board1Code.asm
           GK_WAIT_NO_KEY   0x000253    program     static C:\Users\Admin\Desktop\Board1.X\Board1Code.asm
                     INIT   0x000111    program     static C:\Users\Admin\Desktop\Board1.X\Board1Code.asm
                      ISR   0x0001f5    program     static C:\Users\Admin\Desktop\Board1.X\Board1Code.asm
                 ISR_UART   0x000247    program     static C:\Users\Admin\Desktop\Board1.X\Board1Code.asm
        LOAD_AMBIENT_TEMP   0x0001dd    program     static C:\Users\Admin\Desktop\Board1.X\Board1Code.asm
        LOAD_DESIRED_TEMP   0x0001cf    program     static C:\Users\Admin\Desktop\Board1.X\Board1Code.asm
LOAD_DESIRED_TEMP_INTERNAL   0x0001d1    program     static C:\Users\Admin\Desktop\Board1.X\Board1Code.asm
           LOAD_FAN_SPEED   0x0001e9    program     static C:\Users\Admin\Desktop\Board1.X\Board1Code.asm
                MAIN_LOOP   0x00013c    program     static C:\Users\Admin\Desktop\Board1.X\Board1Code.asm
                MUX_TABLE   0x000219    program     static C:\Users\Admin\Desktop\Board1.X\Board1Code.asm
         PROCESS_UART_CMD   0x00029c    program     static C:\Users\Admin\Desktop\Board1.X\Board1Code.asm
 READ_SENSORS_AND_CONTROL   0x0001a3    program     static C:\Users\Admin\Desktop\Board1.X\Board1Code.asm
          SCAN_KEYPAD_RAW   0x00026e    program     static C:\Users\Admin\Desktop\Board1.X\Board1Code.asm
             SET_HALF_DEG   0x0001b9    program     static C:\Users\Admin\Desktop\Board1.X\Board1Code.asm
                  SHOW_D1   0x00021d    program     static C:\Users\Admin\Desktop\Board1.X\Board1Code.asm
                  SHOW_D2   0x000225    program     static C:\Users\Admin\Desktop\Board1.X\Board1Code.asm
                  SHOW_D3   0x000237    program     static C:\Users\Admin\Desktop\Board1.X\Board1Code.asm
                  SHOW_D4   0x00023f    program     static C:\Users\Admin\Desktop\Board1.X\Board1Code.asm
               SHOW_ERROR   0x000193    program     static C:\Users\Admin\Desktop\Board1.X\Board1Code.asm
                 SKIP_DOT   0x000234    program     static C:\Users\Admin\Desktop\Board1.X\Board1Code.asm
               SKIP_TIMER   0x000215    program     static C:\Users\Admin\Desktop\Board1.X\Board1Code.asm
             UART_CMD_END   0x0002cf    program     static C:\Users\Admin\Desktop\Board1.X\Board1Code.asm
        UART_GET_AMB_FRAC   0x0002be    program     static C:\Users\Admin\Desktop\Board1.X\Board1Code.asm
         UART_GET_AMB_INT   0x0002c1    program     static C:\Users\Admin\Desktop\Board1.X\Board1Code.asm
        UART_GET_DES_FRAC   0x0002b8    program     static C:\Users\Admin\Desktop\Board1.X\Board1Code.asm
         UART_GET_DES_INT   0x0002bb    program     static C:\Users\Admin\Desktop\Board1.X\Board1Code.asm
             UART_GET_FAN   0x0002c4    program     static C:\Users\Admin\Desktop\Board1.X\Board1Code.asm
        UART_SEND_DECIMAL   0x0002d1    program     static C:\Users\Admin\Desktop\Board1.X\Board1Code.asm
            UART_SEND_RAW   0x0002df    program     static C:\Users\Admin\Desktop\Board1.X\Board1Code.asm
           UART_SEND_WAIT   0x0002e0    program     static C:\Users\Admin\Desktop\Board1.X\Board1Code.asm
        UART_SET_DES_FRAC   0x0002c7    program     static C:\Users\Admin\Desktop\Board1.X\Board1Code.asm
         UART_SET_DES_INT   0x0002cb    program     static C:\Users\Admin\Desktop\Board1.X\Board1Code.asm
                 WAIT_ADC   0x0001a4    program     static C:\Users\Admin\Desktop\Board1.X\Board1Code.asm
                WAIT_HASH   0x00017a    program     static C:\Users\Admin\Desktop\Board1.X\Board1Code.asm
         WAIT_KEY_RELEASE   0x000263    program     static C:\Users\Admin\Desktop\Board1.X\Board1Code.asm
                WAIT_STAR   0x000170    program     static C:\Users\Admin\Desktop\Board1.X\Board1Code.asm
                  WR_LOOP   0x000264    program     static C:\Users\Admin\Desktop\Board1.X\Board1Code.asm



                              Symbols - Sorted by Address
                     Name    Address   Location    Storage File                     
                ---------  ---------  ---------  --------- ---------                
             GET_SEG_CODE   0x000100    program     static C:\Users\Admin\Desktop\Board1.X\Board1Code.asm
                     INIT   0x000111    program     static C:\Users\Admin\Desktop\Board1.X\Board1Code.asm
                MAIN_LOOP   0x00013c    program     static C:\Users\Admin\Desktop\Board1.X\Board1Code.asm
          ENTER_EDIT_MODE   0x000153    program     static C:\Users\Admin\Desktop\Board1.X\Board1Code.asm
                WAIT_STAR   0x000170    program     static C:\Users\Admin\Desktop\Board1.X\Board1Code.asm
                WAIT_HASH   0x00017a    program     static C:\Users\Admin\Desktop\Board1.X\Board1Code.asm
               SHOW_ERROR   0x000193    program     static C:\Users\Admin\Desktop\Board1.X\Board1Code.asm
                EXIT_EDIT   0x00019a    program     static C:\Users\Admin\Desktop\Board1.X\Board1Code.asm
 READ_SENSORS_AND_CONTROL   0x0001a3    program     static C:\Users\Admin\Desktop\Board1.X\Board1Code.asm
                 WAIT_ADC   0x0001a4    program     static C:\Users\Admin\Desktop\Board1.X\Board1Code.asm
             SET_HALF_DEG   0x0001b9    program     static C:\Users\Admin\Desktop\Board1.X\Board1Code.asm
                CHECK_FAN   0x0001bb    program     static C:\Users\Admin\Desktop\Board1.X\Board1Code.asm
          ACTIVATE_HEATER   0x0001c2    program     static C:\Users\Admin\Desktop\Board1.X\Board1Code.asm
          ACTIVATE_COOLER   0x0001c6    program     static C:\Users\Admin\Desktop\Board1.X\Board1Code.asm
             ACTIVATE_OFF   0x0001cb    program     static C:\Users\Admin\Desktop\Board1.X\Board1Code.asm
        LOAD_DESIRED_TEMP   0x0001cf    program     static C:\Users\Admin\Desktop\Board1.X\Board1Code.asm
LOAD_DESIRED_TEMP_INTERNAL   0x0001d1    program     static C:\Users\Admin\Desktop\Board1.X\Board1Code.asm
        LOAD_AMBIENT_TEMP   0x0001dd    program     static C:\Users\Admin\Desktop\Board1.X\Board1Code.asm
           LOAD_FAN_SPEED   0x0001e9    program     static C:\Users\Admin\Desktop\Board1.X\Board1Code.asm
                      ISR   0x0001f5    program     static C:\Users\Admin\Desktop\Board1.X\Board1Code.asm
               SKIP_TIMER   0x000215    program     static C:\Users\Admin\Desktop\Board1.X\Board1Code.asm
                MUX_TABLE   0x000219    program     static C:\Users\Admin\Desktop\Board1.X\Board1Code.asm
                  SHOW_D1   0x00021d    program     static C:\Users\Admin\Desktop\Board1.X\Board1Code.asm
                  SHOW_D2   0x000225    program     static C:\Users\Admin\Desktop\Board1.X\Board1Code.asm
           CHECK_DOT_EDIT   0x000232    program     static C:\Users\Admin\Desktop\Board1.X\Board1Code.asm
                 SKIP_DOT   0x000234    program     static C:\Users\Admin\Desktop\Board1.X\Board1Code.asm
                  SHOW_D3   0x000237    program     static C:\Users\Admin\Desktop\Board1.X\Board1Code.asm
                  SHOW_D4   0x00023f    program     static C:\Users\Admin\Desktop\Board1.X\Board1Code.asm
                 ISR_UART   0x000247    program     static C:\Users\Admin\Desktop\Board1.X\Board1Code.asm
                 EXIT_ISR   0x00024c    program     static C:\Users\Admin\Desktop\Board1.X\Board1Code.asm
           GK_WAIT_NO_KEY   0x000253    program     static C:\Users\Admin\Desktop\Board1.X\Board1Code.asm
            GET_VALID_KEY   0x000253    program     static C:\Users\Admin\Desktop\Board1.X\Board1Code.asm
                  GK_LOOP   0x000257    program     static C:\Users\Admin\Desktop\Board1.X\Board1Code.asm
         WAIT_KEY_RELEASE   0x000263    program     static C:\Users\Admin\Desktop\Board1.X\Board1Code.asm
                  WR_LOOP   0x000264    program     static C:\Users\Admin\Desktop\Board1.X\Board1Code.asm
          SCAN_KEYPAD_RAW   0x00026e    program     static C:\Users\Admin\Desktop\Board1.X\Board1Code.asm
         PROCESS_UART_CMD   0x00029c    program     static C:\Users\Admin\Desktop\Board1.X\Board1Code.asm
           CHECK_SET_CMDS   0x0002b5    program     static C:\Users\Admin\Desktop\Board1.X\Board1Code.asm
        UART_GET_DES_FRAC   0x0002b8    program     static C:\Users\Admin\Desktop\Board1.X\Board1Code.asm
         UART_GET_DES_INT   0x0002bb    program     static C:\Users\Admin\Desktop\Board1.X\Board1Code.asm
        UART_GET_AMB_FRAC   0x0002be    program     static C:\Users\Admin\Desktop\Board1.X\Board1Code.asm
         UART_GET_AMB_INT   0x0002c1    program     static C:\Users\Admin\Desktop\Board1.X\Board1Code.asm
             UART_GET_FAN   0x0002c4    program     static C:\Users\Admin\Desktop\Board1.X\Board1Code.asm
        UART_SET_DES_FRAC   0x0002c7    program     static C:\Users\Admin\Desktop\Board1.X\Board1Code.asm
         UART_SET_DES_INT   0x0002cb    program     static C:\Users\Admin\Desktop\Board1.X\Board1Code.asm
             UART_CMD_END   0x0002cf    program     static C:\Users\Admin\Desktop\Board1.X\Board1Code.asm
        UART_SEND_DECIMAL   0x0002d1    program     static C:\Users\Admin\Desktop\Board1.X\Board1Code.asm
            UART_SEND_RAW   0x0002df    program     static C:\Users\Admin\Desktop\Board1.X\Board1Code.asm
           UART_SEND_WAIT   0x0002e0    program     static C:\Users\Admin\Desktop\Board1.X\Board1Code.asm
               BIN_TO_BCD   0x0002e7    program     static C:\Users\Admin\Desktop\Board1.X\Board1Code.asm
               CHECK_HUND   0x0002ec    program     static C:\Users\Admin\Desktop\Board1.X\Board1Code.asm
                CHECK_TEN   0x0002f3    program     static C:\Users\Admin\Desktop\Board1.X\Board1Code.asm
           DELAY_DEBOUNCE   0x0002fa    program     static C:\Users\Admin\Desktop\Board1.X\Board1Code.asm
                    DD_L1   0x0002fc    program     static C:\Users\Admin\Desktop\Board1.X\Board1Code.asm
                    DD_L2   0x0002fe    program     static C:\Users\Admin\Desktop\Board1.X\Board1Code.asm
           DELAY_LONG_MSG   0x000303    program     static C:\Users\Admin\Desktop\Board1.X\Board1Code.asm
                    DM_L3   0x000305    program     static C:\Users\Admin\Desktop\Board1.X\Board1Code.asm
            DELAY_STARTUP   0x000309    program     static C:\Users\Admin\Desktop\Board1.X\Board1Code.asm
                    DS_L0   0x00030b    program     static C:\Users\Admin\Desktop\Board1.X\Board1Code.asm
              DELAY_SMALL   0x00030f    program     static C:\Users\Admin\Desktop\Board1.X\Board1Code.asm
                  DS_LOOP   0x000311    program     static C:\Users\Admin\Desktop\Board1.X\Board1Code.asm


